Archive member included because of file (symbol)

../../ArduinoCore\libcore.a(WInterrupts.c.o)
                              RoomTraq.o (attachInterrupt)
../../ArduinoCore\libcore.a(wiring.c.o)
                              Libs/URMSerial.o (millis)
../../ArduinoCore\libcore.a(wiring_digital.c.o)
                              Libs/SoftwareSerial.o (pinMode)
../../ArduinoCore\libcore.a(HardwareSerial.cpp.o)
                              Libs/DistanceDriver.o (Serial)
../../ArduinoCore\libcore.a(main.cpp.o)
                              c:/program files (x86)/atmel/atmel studio 6.0/extensions/atmel/avrgcc/3.4.0.65/avrtoolchain/bin/../lib/gcc/avr/4.6.2/../../../../avr/lib/avr5/crtm328p.o (main)
../../ArduinoCore\libcore.a(new.cpp.o)
                              Libs/SoftwareSerial.o (__cxa_pure_virtual)
../../ArduinoCore\libcore.a(Print.cpp.o)
                              Libs/SoftwareSerial.o (Print::write(unsigned char const*, unsigned int))
../../ArduinoCore\libcore.a(WMath.cpp.o)
                              Libs/URMSerial.o (map(long, long, long, long, long))
../../ArduinoCore\libcore.a(WString.cpp.o)
                              ../../ArduinoCore\libcore.a(Print.cpp.o) (String::operator[](unsigned int) const)
c:/program files (x86)/atmel/atmel studio 6.0/extensions/atmel/avrgcc/3.4.0.65/avrtoolchain/bin/../lib/gcc/avr/4.6.2/../../../../avr/lib/avr5\libm.a(addsf3.o)
                              ../../ArduinoCore\libcore.a(Print.cpp.o) (__subsf3)
c:/program files (x86)/atmel/atmel studio 6.0/extensions/atmel/avrgcc/3.4.0.65/avrtoolchain/bin/../lib/gcc/avr/4.6.2/../../../../avr/lib/avr5\libm.a(addsf3x.o)
                              c:/program files (x86)/atmel/atmel studio 6.0/extensions/atmel/avrgcc/3.4.0.65/avrtoolchain/bin/../lib/gcc/avr/4.6.2/../../../../avr/lib/avr5\libm.a(addsf3.o) (__addsf3x)
c:/program files (x86)/atmel/atmel studio 6.0/extensions/atmel/avrgcc/3.4.0.65/avrtoolchain/bin/../lib/gcc/avr/4.6.2/../../../../avr/lib/avr5\libm.a(cmpsf2.o)
                              ../../ArduinoCore\libcore.a(Print.cpp.o) (__ltsf2)
c:/program files (x86)/atmel/atmel studio 6.0/extensions/atmel/avrgcc/3.4.0.65/avrtoolchain/bin/../lib/gcc/avr/4.6.2/../../../../avr/lib/avr5\libm.a(divsf3.o)
                              ../../ArduinoCore\libcore.a(Print.cpp.o) (__divsf3)
c:/program files (x86)/atmel/atmel studio 6.0/extensions/atmel/avrgcc/3.4.0.65/avrtoolchain/bin/../lib/gcc/avr/4.6.2/../../../../avr/lib/avr5\libm.a(divsf3x.o)
                              c:/program files (x86)/atmel/atmel studio 6.0/extensions/atmel/avrgcc/3.4.0.65/avrtoolchain/bin/../lib/gcc/avr/4.6.2/../../../../avr/lib/avr5\libm.a(divsf3.o) (__divsf3x)
c:/program files (x86)/atmel/atmel studio 6.0/extensions/atmel/avrgcc/3.4.0.65/avrtoolchain/bin/../lib/gcc/avr/4.6.2/../../../../avr/lib/avr5\libm.a(fixsfsi.o)
                              ../../ArduinoCore\libcore.a(Print.cpp.o) (__fixsfsi)
c:/program files (x86)/atmel/atmel studio 6.0/extensions/atmel/avrgcc/3.4.0.65/avrtoolchain/bin/../lib/gcc/avr/4.6.2/../../../../avr/lib/avr5\libm.a(fixunssfsi.o)
                              ../../ArduinoCore\libcore.a(Print.cpp.o) (__fixunssfsi)
c:/program files (x86)/atmel/atmel studio 6.0/extensions/atmel/avrgcc/3.4.0.65/avrtoolchain/bin/../lib/gcc/avr/4.6.2/../../../../avr/lib/avr5\libm.a(floatsisf.o)
                              ../../ArduinoCore\libcore.a(Print.cpp.o) (__floatunsisf)
c:/program files (x86)/atmel/atmel studio 6.0/extensions/atmel/avrgcc/3.4.0.65/avrtoolchain/bin/../lib/gcc/avr/4.6.2/../../../../avr/lib/avr5\libm.a(fp_cmp.o)
                              c:/program files (x86)/atmel/atmel studio 6.0/extensions/atmel/avrgcc/3.4.0.65/avrtoolchain/bin/../lib/gcc/avr/4.6.2/../../../../avr/lib/avr5\libm.a(cmpsf2.o) (__fp_cmp)
c:/program files (x86)/atmel/atmel studio 6.0/extensions/atmel/avrgcc/3.4.0.65/avrtoolchain/bin/../lib/gcc/avr/4.6.2/../../../../avr/lib/avr5\libm.a(fp_inf.o)
                              c:/program files (x86)/atmel/atmel studio 6.0/extensions/atmel/avrgcc/3.4.0.65/avrtoolchain/bin/../lib/gcc/avr/4.6.2/../../../../avr/lib/avr5\libm.a(addsf3x.o) (__fp_inf)
c:/program files (x86)/atmel/atmel studio 6.0/extensions/atmel/avrgcc/3.4.0.65/avrtoolchain/bin/../lib/gcc/avr/4.6.2/../../../../avr/lib/avr5\libm.a(fp_nan.o)
                              c:/program files (x86)/atmel/atmel studio 6.0/extensions/atmel/avrgcc/3.4.0.65/avrtoolchain/bin/../lib/gcc/avr/4.6.2/../../../../avr/lib/avr5\libm.a(addsf3x.o) (__fp_nan)
c:/program files (x86)/atmel/atmel studio 6.0/extensions/atmel/avrgcc/3.4.0.65/avrtoolchain/bin/../lib/gcc/avr/4.6.2/../../../../avr/lib/avr5\libm.a(fp_pscA.o)
                              c:/program files (x86)/atmel/atmel studio 6.0/extensions/atmel/avrgcc/3.4.0.65/avrtoolchain/bin/../lib/gcc/avr/4.6.2/../../../../avr/lib/avr5\libm.a(addsf3x.o) (__fp_pscA)
[...]
Memory Configuration

Name             Origin             Length             Attributes
text             0x00000000         0x00020000         xr
data             0x00800060         0x0000ffa0         rw !x
eeprom           0x00810000         0x00010000         rw !x
fuse             0x00820000         0x00000400         rw !x
lock             0x00830000         0x00000400         rw !x
signature        0x00840000         0x00000400         rw !x
*default*        0x00000000         0xffffffff

Linker script and memory map

Address of section .data set to 0x800100
LOAD c:/program files (x86)/atmel/atmel studio 6.0/extensions/atmel/avrgcc/3.4.0.65/avrtoolchain/bin/../lib/gcc/avr/4.6.2/../../../../avr/lib/avr5/crtm328p.o
LOAD Libs/DistanceDriver.o
LOAD Libs/SoftwareSerial.o
LOAD Libs/URMSerial.o
LOAD Libs/WiFlyRNXV.o
LOAD RoomTraq.o
START GROUP
LOAD c:/program files (x86)/atmel/atmel studio 6.0/extensions/atmel/avrgcc/3.4.0.65/avrtoolchain/bin/../lib/gcc/avr/4.6.2/../../../../avr/lib/avr5\libm.a
LOAD ../../ArduinoCore\libcore.a
END GROUP
LOAD c:/program files (x86)/atmel/atmel studio 6.0/extensions/atmel/avrgcc/3.4.0.65/avrtoolchain/bin/../lib/gcc/avr/4.6.2/avr5\libgcc.a
LOAD c:/program files (x86)/atmel/atmel studio 6.0/extensions/atmel/avrgcc/3.4.0.65/avrtoolchain/bin/../lib/gcc/avr/4.6.2/../../../../avr/lib/avr5\libm.a
LOAD c:/program files (x86)/atmel/atmel studio 6.0/extensions/atmel/avrgcc/3.4.0.65/avrtoolchain/bin/../lib/gcc/avr/4.6.2/avr5\libgcc.a
LOAD c:/program files (x86)/atmel/atmel studio 6.0/extensions/atmel/avrgcc/3.4.0.65/avrtoolchain/bin/../lib/gcc/avr/4.6.2/../../../../avr/lib/avr5\libc.a
LOAD c:/program files (x86)/atmel/atmel studio 6.0/extensions/atmel/avrgcc/3.4.0.65/avrtoolchain/bin/../lib/gcc/avr/4.6.2/avr5\libgcc.a

.hash
 *(.hash)

.dynsym
 *(.dynsym)

.dynstr
 *(.dynstr)

.gnu.version
 *(.gnu.version)

.gnu.version_d
 *(.gnu.version_d)

.gnu.version_r
 *(.gnu.version_r)

.rel.init
 *(.rel.init)

.rela.init
 *(.rela.init)

.rel.text
 *(.rel.text)
 *(.rel.text.*)
 *(.rel.gnu.linkonce.t*)

.rela.text
 *(.rela.text)
 *(.rela.text.*)
 *(.rela.gnu.linkonce.t*)

.rel.fini
 *(.rel.fini)

.rela.fini
 *(.rela.fini)

.rel.rodata
 *(.rel.rodata)
 *(.rel.rodata.*)
 *(.rel.gnu.linkonce.r*)

.rela.rodata
 *(.rela.rodata)
 *(.rela.rodata.*)
 *(.rela.gnu.linkonce.r*)

.rel.data
 *(.rel.data)
 *(.rel.data.*)
 *(.rel.gnu.linkonce.d*)

.rela.data
 *(.rela.data)
 *(.rela.data.*)
 *(.rela.gnu.linkonce.d*)

.rel.ctors
 *(.rel.ctors)

.rela.ctors
 *(.rela.ctors)

.rel.dtors
 *(.rel.dtors)

.rela.dtors
 *(.rela.dtors)

.rel.got
 *(.rel.got)

.rela.got
 *(.rela.got)

.rel.bss
 *(.rel.bss)

.rela.bss
 *(.rela.bss)

.rel.plt
 *(.rel.plt)

.rela.plt
 *(.rela.plt)

.text           0x00000000     0x2750
 *(.vectors)
 .vectors       0x00000000       0x68 c:/program files (x86)/atmel/atmel studio 6.0/extensions/atmel/avrgcc/3.4.0.65/avrtoolchain/bin/../lib/gcc/avr/4.6.2/../../../../avr/lib/avr5/crtm328p.o
                0x00000000                __vector_default
                0x00000000                __vectors
 *(.vectors)
 *(.progmem.gcc*)
 *(.progmem*)
 .progmem.data  0x00000068       0x90 Libs/SoftwareSerial.o
 .progmem.data  0x000000f8       0x5a ../../ArduinoCore\libcore.a(wiring_digital.c.o)
                0x000000f8                port_to_mode_PGM
                0x00000102                port_to_output_PGM
                0x0000010c                port_to_input_PGM
                0x00000116                digital_pin_to_port_PGM
                0x0000012a                digital_pin_to_bit_mask_PGM
                0x0000013e                digital_pin_to_timer_PGM
                0x00000152                . = ALIGN (0x2)
                0x00000152                __trampolines_start = .
 *(.trampolines)
 .trampolines   0x00000152        0x0 linker stubs
 *(.trampolines*)
                0x00000152                __trampolines_end = .
 *(.jumptables)
 *(.jumptables*)
 *(.lowtext)
 *(.lowtext*)
                0x00000152                __ctors_start = .
 *(.ctors)
 .ctors         0x00000152        0x2 RoomTraq.o
 .ctors         0x00000154        0x2 ../../ArduinoCore\libcore.a(HardwareSerial.cpp.o)
                0x00000156                __ctors_end = .
                0x00000156                __dtors_start = .
 *(.dtors)
 .dtors         0x00000156        0x2 RoomTraq.o
                0x00000158                __dtors_end = .
 SORT(*)(.ctors)
 SORT(*)(.dtors)
 *(.init0)
 .init0         0x00000158        0x0 c:/program files (x86)/atmel/atmel studio 6.0/extensions/atmel/avrgcc/3.4.0.65/avrtoolchain/bin/../lib/gcc/avr/4.6.2/../../../../avr/lib/avr5/crtm328p.o
                0x00000158                __init
 *(.init0)
 *(.init1)
 *(.init1)
 *(.init2)
 .init2         0x00000158        0xc c:/program files (x86)/atmel/atmel studio 6.0/extensions/atmel/avrgcc/3.4.0.65/avrtoolchain/bin/../lib/gcc/avr/4.6.2/../../../../avr/lib/avr5/crtm328p.o
 *(.init2)
 *(.init3)
 *(.init3)
 *(.init4)
 .init4         0x00000164       0x16 c:/program files (x86)/atmel/atmel studio 6.0/extensions/atmel/avrgcc/3.4.0.65/avrtoolchain/bin/../lib/gcc/avr/4.6.2/avr5\libgcc.a(_copy_data.o)
                0x00000164                __do_copy_data
 .init4         0x0000017a       0x10 c:/program files (x86)/atmel/atmel studio 6.0/extensions/atmel/avrgcc/3.4.0.65/avrtoolchain/bin/../lib/gcc/avr/4.6.2/avr5\libgcc.a(_clear_bss.o)
                0x0000017a                __do_clear_bss
 *(.init4)
 *(.init5)
 *(.init5)
 *(.init6)
 .init6         0x0000018a       0x16 c:/program files (x86)/atmel/atmel studio 6.0/extensions/atmel/avrgcc/3.4.0.65/avrtoolchain/bin/../lib/gcc/avr/4.6.2/avr5\libgcc.a(_ctors.o)
                0x0000018a                __do_global_ctors
 *(.init6)
 *(.init7)
 *(.init7)
 *(.init8)
 *(.init8)
 *(.init9)
 .init9         0x000001a0        0x8 c:/program files (x86)/atmel/atmel studio 6.0/extensions/atmel/avrgcc/3.4.0.65/avrtoolchain/bin/../lib/gcc/avr/4.6.2/../../../../avr/lib/avr5/crtm328p.o
 *(.init9)
 *(.text)
 .text          0x000001a8        0x4 c:/program files (x86)/atmel/atmel studio 6.0/extensions/atmel/avrgcc/3.4.0.65/avrtoolchain/bin/../lib/gcc/avr/4.6.2/../../../../avr/lib/avr5/crtm328p.o
                0x000001a8                __vector_22
                0x000001a8                __vector_24
                0x000001a8                __vector_12
                0x000001a8                __bad_interrupt
                0x000001a8                __vector_6
                0x000001a8                __vector_23
                0x000001a8                __vector_25
                0x000001a8                __vector_11
                0x000001a8                __vector_13
                0x000001a8                __vector_17
                0x000001a8                __vector_7
                0x000001a8                __vector_9
                0x000001a8                __vector_21
                0x000001a8                __vector_15
                0x000001a8                __vector_8
                0x000001a8                __vector_14
                0x000001a8                __vector_10
                0x000001a8                __vector_20
                0x000001ac                . = ALIGN (0x2)
 *(.text.*)
 .text._ZN14DistanceDriverC2Ehhhh
                0x000001ac       0xa4 Libs/DistanceDriver.o
                0x000001ac                DistanceDriver::DistanceDriver(unsigned char, unsigned char, unsigned char, unsigned char)
                0x000001ac                DistanceDriver::DistanceDriver(unsigned char, unsigned char, unsigned char, unsigned char)
 .text._ZN14DistanceDriver9pingCountEv
                0x00000250      0x2c0 Libs/DistanceDriver.o
                0x00000250                DistanceDriver::pingCount()
 .text._ZN14SoftwareSerial4readEv
                0x00000510       0x48 Libs/SoftwareSerial.o
                0x00000510                SoftwareSerial::read()
 .text._ZN14SoftwareSerial4peekEv
                0x00000558       0x36 Libs/SoftwareSerial.o
                0x00000558                SoftwareSerial::peek()
 .text._ZN14SoftwareSerial5flushEv
                0x0000058e       0x1e Libs/SoftwareSerial.o
                0x0000058e                SoftwareSerial::flush()
 .text._ZN14SoftwareSerial9availableEv
                0x000005ac       0x30 Libs/SoftwareSerial.o
                0x000005ac                SoftwareSerial::available()
 .text._ZN14SoftwareSerial10tunedDelayEj
                0x000005dc        0xe Libs/SoftwareSerial.o
                0x000005dc                SoftwareSerial::tunedDelay(unsigned int)
 .text._ZN14SoftwareSerial6listenEv
                0x000005ea       0x34 Libs/SoftwareSerial.o
                0x000005ea                SoftwareSerial::listen()
 .text._ZN14SoftwareSerial4recvEv
                0x0000061e       0xc0 Libs/SoftwareSerial.o
                0x0000061e                SoftwareSerial::recv()
 .text._ZN14SoftwareSerial12tx_pin_writeEh
                0x000006de       0x1e Libs/SoftwareSerial.o
                0x000006de                SoftwareSerial::tx_pin_write(unsigned char)
 .text._ZN14SoftwareSerial5writeEh
                0x000006fc       0xc6 Libs/SoftwareSerial.o
                0x000006fc                SoftwareSerial::write(unsigned char)
 .text._ZN14SoftwareSerial16handle_interruptEv
                0x000007c2       0x12 Libs/SoftwareSerial.o
                0x000007c2                SoftwareSerial::handle_interrupt()
 .text.__vector_3
                0x000007d4       0x48 Libs/SoftwareSerial.o
                0x000007d4                __vector_3
 .text.__vector_4
                0x0000081c       0x48 Libs/SoftwareSerial.o
                0x0000081c                __vector_4
 .text.__vector_5
                0x00000864       0x48 Libs/SoftwareSerial.o
                0x00000864                __vector_5
 .text._ZN14SoftwareSerial5setTXEh
                0x000008ac       0x4a Libs/SoftwareSerial.o
                0x000008ac                SoftwareSerial::setTX(unsigned char)
 .text._ZN14SoftwareSerial5setRXEh
                0x000008f6       0x52 Libs/SoftwareSerial.o
                0x000008f6                SoftwareSerial::setRX(unsigned char)
 .text._ZN14SoftwareSerialC2Ehhb
                0x00000948       0x5a Libs/SoftwareSerial.o
                0x00000948                SoftwareSerial::SoftwareSerial(unsigned char, unsigned char, bool)
                0x00000948                SoftwareSerial::SoftwareSerial(unsigned char, unsigned char, bool)
 .text._ZN14SoftwareSerial5beginEl
                0x000009a2      0x14e Libs/SoftwareSerial.o
                0x000009a2                SoftwareSerial::begin(long)
 .text._ZN14SoftwareSerial3endEv
                0x00000af0       0x5e Libs/SoftwareSerial.o
                0x00000af0                SoftwareSerial::end()
 .text._ZN14SoftwareSerialD2Ev
                0x00000b4e       0x10 Libs/SoftwareSerial.o
                0x00000b4e                SoftwareSerial::~SoftwareSerial()
                0x00000b4e                SoftwareSerial::~SoftwareSerial()
 .text._ZN9URMSerialC2Ev
                0x00000b5e        0x6 Libs/URMSerial.o
                0x00000b5e                URMSerial::URMSerial()
                0x00000b5e                URMSerial::URMSerial()
 .text._ZN9URMSerial10hasReadingEv
                0x00000b64       0x26 Libs/URMSerial.o
                0x00000b64                URMSerial::hasReading()
 .text._ZN9URMSerial3endEv
                0x00000b8a        0xc Libs/URMSerial.o
                0x00000b8a                URMSerial::end()
 .text._ZN9URMSerial10readSerialEv
                0x00000b96       0x40 Libs/URMSerial.o
                0x00000b96                URMSerial::readSerial()
 .text._ZN9URMSerial15processDistanceERi
                0x00000bd6       0x2a Libs/URMSerial.o
                0x00000bd6                URMSerial::processDistance(int&)
 .text._ZN9URMSerial18processTemperatureERi
                0x00000c00       0x2c Libs/URMSerial.o
                0x00000c00                URMSerial::processTemperature(int&)
 .text._ZN9URMSerial10reqTimeoutEv
                0x00000c2c       0x3e Libs/URMSerial.o
                0x00000c2c                URMSerial::reqTimeout()
 .text._ZN9URMSerial14getMeasurementERi
                0x00000c6a       0x60 Libs/URMSerial.o
                0x00000c6a                URMSerial::getMeasurement(int&)
 .text._ZN9URMSerial11sendCommandEPh
                0x00000cca       0x7e Libs/URMSerial.o
                0x00000cca                URMSerial::sendCommand(unsigned char*)
 .text._ZN9URMSerial18requestMeasurementEh
                0x00000d48       0x82 Libs/URMSerial.o
                0x00000d48                URMSerial::requestMeasurement(unsigned char)
 .text._ZN9URMSerial27requestMeasurementOrTimeoutEhRi
                0x00000dca       0x5c Libs/URMSerial.o
                0x00000dca                URMSerial::requestMeasurementOrTimeout(unsigned char, int&)
 .text._ZN9URMSerial5beginEhhl
                0x00000e26       0x7c Libs/URMSerial.o
                0x00000e26                URMSerial::begin(unsigned char, unsigned char, long)
 .text._ZN9URMSerial10beginBasicEl
                0x00000ea2        0xc Libs/URMSerial.o
                0x00000ea2                URMSerial::beginBasic(long)
 .text._ZN9WiFlyRNXVC2Ehh
                0x00000eae       0x16 Libs/WiFlyRNXV.o
                0x00000eae                WiFlyRNXV::WiFlyRNXV(unsigned char, unsigned char)
                0x00000eae                WiFlyRNXV::WiFlyRNXV(unsigned char, unsigned char)
 .text._ZN9WiFlyRNXV5startEv
                0x00000ec4       0x2a Libs/WiFlyRNXV.o
                0x00000ec4                WiFlyRNXV::start()
 .text._ZN9WiFlyRNXV3endEv
                0x00000eee        0x6 Libs/WiFlyRNXV.o
                0x00000eee                WiFlyRNXV::end()
 .text._Z14checkForStringPcS_
                0x00000ef4       0x10 Libs/WiFlyRNXV.o
                0x00000ef4                checkForString(char*, char*)
 .text._ZN9WiFlyRNXV19checkBufferResponseEPci
                0x00000f04       0xf2 Libs/WiFlyRNXV.o
                0x00000f04                WiFlyRNXV::checkBufferResponse(char*, int)
 .text._ZN9WiFlyRNXV17checkCharResponseEci
                0x00000ff6       0x8a Libs/WiFlyRNXV.o
                0x00000ff6                WiFlyRNXV::checkCharResponse(char, int)
 .text._ZN9WiFlyRNXV16EnterCommandModeEv
                0x00001080       0x42 Libs/WiFlyRNXV.o
                0x00001080                WiFlyRNXV::EnterCommandMode()
 .text._ZN9WiFlyRNXV15ExitCommandModeEv
                0x000010c2       0x24 Libs/WiFlyRNXV.o
                0x000010c2                WiFlyRNXV::ExitCommandMode()
 .text._ZN9WiFlyRNXV11RebootWiFlyEv
                0x000010e6       0x30 Libs/WiFlyRNXV.o
                0x000010e6                WiFlyRNXV::RebootWiFly()
 .text._ZN9WiFlyRNXV15CheckWiFiStatusEv
                0x00001116       0x40 Libs/WiFlyRNXV.o
                0x00001116                WiFlyRNXV::CheckWiFiStatus()
 .text._ZN9WiFlyRNXV10EnterAdHocEv
                0x00001156      0x190 Libs/WiFlyRNXV.o
                0x00001156                WiFlyRNXV::EnterAdHoc()
 .text._ZN9WiFlyRNXV14AdHocConnectedEv
                0x000012e6       0x38 Libs/WiFlyRNXV.o
                0x000012e6                WiFlyRNXV::AdHocConnected()
 .text._ZN9WiFlyRNXV10AdHocEndedEv
                0x0000131e       0x48 Libs/WiFlyRNXV.o
                0x0000131e                WiFlyRNXV::AdHocEnded()
 .text._ZN9WiFlyRNXV7SetHTTPEv
                0x00001366      0x140 Libs/WiFlyRNXV.o
                0x00001366                WiFlyRNXV::SetHTTP()
 .text._ZN9WiFlyRNXV12SendResponseEPc
                0x000014a6       0xd0 Libs/WiFlyRNXV.o
                0x000014a6                WiFlyRNXV::SendResponse(char*)
 .text._Z14InterruptAdHocv
                0x00001576       0x62 RoomTraq.o
                0x00001576                InterruptAdHoc()
 .text._Z41__static_initialization_and_destruction_0ii.constprop.2
                0x000015d8       0x36 RoomTraq.o
 .text._Z10updateWiFiv
                0x0000160e       0x3a RoomTraq.o
                0x0000160e                updateWiFi()
 .text.setup    0x00001648       0x78 RoomTraq.o
                0x00001648                setup
 .text._Z8sendModev
                0x000016c0       0xd4 RoomTraq.o
                0x000016c0                sendMode()
 .text.loop     0x00001794       0xe2 RoomTraq.o
                0x00001794                loop
 .text.startup._GLOBAL__sub_I_wiFly
                0x00001876        0xa RoomTraq.o
 .text.exit._GLOBAL__sub_D_wiFly
                0x00001880        0xa RoomTraq.o
 .text.attachInterrupt
                0x0000188a       0x46 ../../ArduinoCore\libcore.a(WInterrupts.c.o)
                0x0000188a                attachInterrupt
 .text.__vector_1
                0x000018d0       0x5a ../../ArduinoCore\libcore.a(WInterrupts.c.o)
                0x000018d0                __vector_1
 .text.__vector_2
                0x0000192a       0x5a ../../ArduinoCore\libcore.a(WInterrupts.c.o)
                0x0000192a                __vector_2
 .text.__vector_16
                0x00001984       0x90 ../../ArduinoCore\libcore.a(wiring.c.o)
                0x00001984                __vector_16
 .text.millis   0x00001a14       0x1c ../../ArduinoCore\libcore.a(wiring.c.o)
                0x00001a14                millis
 .text.delay    0x00001a30       0xb2 ../../ArduinoCore\libcore.a(wiring.c.o)
                0x00001a30                delay
 .text.init     0x00001ae2       0x76 ../../ArduinoCore\libcore.a(wiring.c.o)
                0x00001ae2                init
 .text.pinMode  0x00001b58       0x7e ../../ArduinoCore\libcore.a(wiring_digital.c.o)
                0x00001b58                pinMode
 .text.digitalWrite
                0x00001bd6       0xa8 ../../ArduinoCore\libcore.a(wiring_digital.c.o)
                0x00001bd6                digitalWrite
 .text._Z11serialEventv
                0x00001c7e        0x2 ../../ArduinoCore\libcore.a(HardwareSerial.cpp.o)
                0x00001c7e                serialEvent()
 .text.__vector_18
                0x00001c80       0x68 ../../ArduinoCore\libcore.a(HardwareSerial.cpp.o)
                0x00001c80                __vector_18
 .text._Z14serialEventRunv
                0x00001ce8       0x26 ../../ArduinoCore\libcore.a(HardwareSerial.cpp.o)
                0x00001ce8                serialEventRun()
 .text.__vector_19
                0x00001d0e       0x76 ../../ArduinoCore\libcore.a(HardwareSerial.cpp.o)
                0x00001d0e                __vector_19
 .text._ZN14HardwareSerial5beginEm
                0x00001d84      0x10c ../../ArduinoCore\libcore.a(HardwareSerial.cpp.o)
                0x00001d84                HardwareSerial::begin(unsigned long)
 .text._ZN14HardwareSerial9availableEv
                0x00001e90       0x22 ../../ArduinoCore\libcore.a(HardwareSerial.cpp.o)
                0x00001e90                HardwareSerial::available()
 .text._ZN14HardwareSerial4peekEv
                0x00001eb2       0x40 ../../ArduinoCore\libcore.a(HardwareSerial.cpp.o)
                0x00001eb2                HardwareSerial::peek()
 .text._ZN14HardwareSerial4readEv
                0x00001ef2       0x52 ../../ArduinoCore\libcore.a(HardwareSerial.cpp.o)
                0x00001ef2                HardwareSerial::read()
 .text._ZN14HardwareSerial5flushEv
                0x00001f44       0x24 ../../ArduinoCore\libcore.a(HardwareSerial.cpp.o)
                0x00001f44                HardwareSerial::flush()
 .text._ZN14HardwareSerial5writeEh
                0x00001f68       0x72 ../../ArduinoCore\libcore.a(HardwareSerial.cpp.o)
                0x00001f68                HardwareSerial::write(unsigned char)
 .text._GLOBAL__I_rx_buffer
                0x00001fda       0xa0 ../../ArduinoCore\libcore.a(HardwareSerial.cpp.o)
 .text.main     0x0000207a       0x1e ../../ArduinoCore\libcore.a(main.cpp.o)
                0x0000207a                main
 .text.__cxa_pure_virtual
                0x00002098        0x2 ../../ArduinoCore\libcore.a(new.cpp.o)
                0x00002098                __cxa_pure_virtual
 .text._Znwj    0x0000209a        0x6 ../../ArduinoCore\libcore.a(new.cpp.o)
                0x0000209a                operator new(unsigned int)
 .text._ZN5Print5writeEPKhj
                0x000020a0       0x54 ../../ArduinoCore\libcore.a(Print.cpp.o)
                0x000020a0                Print::write(unsigned char const*, unsigned int)
 .text._ZN5Print7printlnEv
                0x000020f4       0x40 ../../ArduinoCore\libcore.a(Print.cpp.o)
                0x000020f4                Print::println()
 .text._ZN5Print5writeEPKc
                0x00002134       0x28 ../../ArduinoCore\libcore.a(Print.cpp.o)
                0x00002134                Print::write(char const*)
 .text._ZN5Print11printNumberEmh
                0x0000215c       0xc8 ../../ArduinoCore\libcore.a(Print.cpp.o)
                0x0000215c                Print::printNumber(unsigned long, unsigned char)
 .text._ZN5Print5printEmi
                0x00002224       0x1e ../../ArduinoCore\libcore.a(Print.cpp.o)
                0x00002224                Print::print(unsigned long, int)
 .text._ZN5Print7printlnEhi
                0x00002242       0x3c ../../ArduinoCore\libcore.a(Print.cpp.o)
                0x00002242                Print::println(unsigned char, int)
 .text._ZN5Print5printEli
                0x0000227e       0x80 ../../ArduinoCore\libcore.a(Print.cpp.o)
                0x0000227e                Print::print(long, int)
 .text._ZN5Print5printEii
                0x000022fe       0x26 ../../ArduinoCore\libcore.a(Print.cpp.o)
                0x000022fe                Print::print(int, int)
 .text._ZN5Print5printEPKc
                0x00002324        0x6 ../../ArduinoCore\libcore.a(Print.cpp.o)
                0x00002324                Print::print(char const*)
 .text._ZN5Print7printlnEPKc
                0x0000232a       0x26 ../../ArduinoCore\libcore.a(Print.cpp.o)
                0x0000232a                Print::println(char const*)
 .text.libgcc   0x00002350       0x3e c:/program files (x86)/atmel/atmel studio 6.0/extensions/atmel/avrgcc/3.4.0.65/avrtoolchain/bin/../lib/gcc/avr/4.6.2/avr5\libgcc.a(_mulsi3.o)
                0x00002350                __mulsi3
 .text.libgcc   0x0000238e       0x26 c:/program files (x86)/atmel/atmel studio 6.0/extensions/atmel/avrgcc/3.4.0.65/avrtoolchain/bin/../lib/gcc/avr/4.6.2/avr5\libgcc.a(_divmodhi4.o)
                0x0000238e                _div
                0x0000238e                __divmodhi4
 .text.libgcc   0x000023b4       0x44 c:/program files (x86)/atmel/atmel studio 6.0/extensions/atmel/avrgcc/3.4.0.65/avrtoolchain/bin/../lib/gcc/avr/4.6.2/avr5\libgcc.a(_udivmodsi4.o)
                0x000023b4                __udivmodsi4
 .text.libgcc   0x000023f8       0x28 c:/program files (x86)/atmel/atmel studio 6.0/extensions/atmel/avrgcc/3.4.0.65/avrtoolchain/bin/../lib/gcc/avr/4.6.2/avr5\libgcc.a(_udivmodhi4.o)
                0x000023f8                __udivmodhi4
 .text.libgcc   0x00002420        0xc c:/program files (x86)/atmel/atmel studio 6.0/extensions/atmel/avrgcc/3.4.0.65/avrtoolchain/bin/../lib/gcc/avr/4.6.2/avr5\libgcc.a(_tablejump.o)
                0x00002420                __tablejump2__
                0x00002424                __tablejump__
 .text.avr-libc
                0x0000242c      0x25e c:/program files (x86)/atmel/atmel studio 6.0/extensions/atmel/avrgcc/3.4.0.65/avrtoolchain/bin/../lib/gcc/avr/4.6.2/../../../../avr/lib/avr5\libc.a(malloc.o)
                0x0000242c                malloc
                0x00002558                free
 .text.avr-libc
                0x0000268a       0x16 c:/program files (x86)/atmel/atmel studio 6.0/extensions/atmel/avrgcc/3.4.0.65/avrtoolchain/bin/../lib/gcc/avr/4.6.2/../../../../avr/lib/avr5\libc.a(strcat.o)
                0x0000268a                strcat
 .text.avr-libc
                0x000026a0       0x34 c:/program files (x86)/atmel/atmel studio 6.0/extensions/atmel/avrgcc/3.4.0.65/avrtoolchain/bin/../lib/gcc/avr/4.6.2/../../../../avr/lib/avr5\libc.a(strstr.o)
                0x000026a0                strstr
 .text.avr-libc
                0x000026d4       0x42 c:/program files (x86)/atmel/atmel studio 6.0/extensions/atmel/avrgcc/3.4.0.65/avrtoolchain/bin/../lib/gcc/avr/4.6.2/../../../../avr/lib/avr5\libc.a(itoa.o)
                0x000026d4                itoa
 .text.avr-libc
                0x00002716       0x20 c:/program files (x86)/atmel/atmel studio 6.0/extensions/atmel/avrgcc/3.4.0.65/avrtoolchain/bin/../lib/gcc/avr/4.6.2/../../../../avr/lib/avr5\libc.a(strrev.o)
                0x00002716                strrev
                0x00002736                . = ALIGN (0x2)
 *(.fini9)
 .fini9         0x00002736        0x0 c:/program files (x86)/atmel/atmel studio 6.0/extensions/atmel/avrgcc/3.4.0.65/avrtoolchain/bin/../lib/gcc/avr/4.6.2/avr5\libgcc.a(_exit.o)
                0x00002736                _exit
                0x00002736                exit
 *(.fini9)
 *(.fini8)
 *(.fini8)
 *(.fini7)
 *(.fini7)
 *(.fini6)
 .fini6         0x00002736       0x16 c:/program files (x86)/atmel/atmel studio 6.0/extensions/atmel/avrgcc/3.4.0.65/avrtoolchain/bin/../lib/gcc/avr/4.6.2/avr5\libgcc.a(_dtors.o)
                0x00002736                __do_global_dtors
 *(.fini6)
 *(.fini5)
 *(.fini5)
 *(.fini4)
 *(.fini4)
 *(.fini3)
 *(.fini3)
 *(.fini2)
 *(.fini2)
 *(.fini1)
 *(.fini1)
 *(.fini0)
 .fini0         0x0000274c        0x4 c:/program files (x86)/atmel/atmel studio 6.0/extensions/atmel/avrgcc/3.4.0.65/avrtoolchain/bin/../lib/gcc/avr/4.6.2/avr5\libgcc.a(_exit.o)
 *(.fini0)
                0x00002750                _etext = .

.data           0x00800100      0x2f2 load address 0x00002750
                0x00800100                PROVIDE (__data_start, .)
 *(.data)
 .data          0x00800100       0x78 Libs/DistanceDriver.o
                0x00800172                distanceThresh
                0x00800174                detectDef
                0x00800176                delayP
 .data          0x00800178       0x20 Libs/SoftwareSerial.o
                0x00800178                vtable for SoftwareSerial
                0x00800188                vtable for Stream
 .data          0x00800198      0x1e6 Libs/WiFlyRNXV.o
 .data          0x0080037e       0x5e RoomTraq.o
                0x008003db                state
 .data          0x008003dc        0x6 c:/program files (x86)/atmel/atmel studio 6.0/extensions/atmel/avrgcc/3.4.0.65/avrtoolchain/bin/../lib/gcc/avr/4.6.2/../../../../avr/lib/avr5\libc.a(malloc.o)
                0x008003dc                __malloc_heap_end
                0x008003de                __malloc_heap_start
                0x008003e0                __malloc_margin
 *(.data*)
 *(.rodata)
 *(.rodata*)
 .rodata._ZTV14HardwareSerial
                0x008003e2       0x10 ../../ArduinoCore\libcore.a(HardwareSerial.cpp.o)
                0x008003e2                vtable for HardwareSerial
 *(.gnu.linkonce.d*)
                0x008003f2                . = ALIGN (0x2)
                0x008003f2                _edata = .
                0x008003f2                PROVIDE (__data_end, .)

.bss            0x008003f2      0x1d1
                0x008003f2                PROVIDE (__bss_start, .)
 *(.bss)
 .bss           0x008003f2        0x8 Libs/DistanceDriver.o
                0x008003f2                lock2
                0x008003f3                lock1
                0x008003f4                urm2First
                0x008003f5                detectCount2
                0x008003f6                diffDetect2
                0x008003f7                urm1First
                0x008003f8                detectCount1
                0x008003f9                diffDetect1
 .bss           0x008003fa       0x44 Libs/SoftwareSerial.o
                0x008003fa                SoftwareSerial::_receive_buffer_head
                0x008003fb                SoftwareSerial::_receive_buffer_tail
                0x008003fc                SoftwareSerial::_receive_buffer
                0x0080043c                SoftwareSerial::active_object
 .bss           0x0080043e       0x80 Libs/WiFlyRNXV.o
                0x0080043e                responseArr
 .bss           0x008004be       0x4d RoomTraq.o
                0x008004be                prevTime
                0x008004c2                runOnce
                0x008004c3                enterADHOCnow
                0x008004c4                buttonPress
                0x008004c5                distanceDriver
                0x008004e9                wiFly
 *(.bss*)
 .bss.intFunc   0x0080050b        0x4 ../../ArduinoCore\libcore.a(WInterrupts.c.o)
 .bss.timer0_overflow_count
                0x0080050f        0x4 ../../ArduinoCore\libcore.a(wiring.c.o)
                0x0080050f                timer0_overflow_count
 .bss.timer0_millis
                0x00800513        0x4 ../../ArduinoCore\libcore.a(wiring.c.o)
                0x00800513                timer0_millis
 .bss.timer0_fract
                0x00800517        0x1 ../../ArduinoCore\libcore.a(wiring.c.o)
 .bss.rx_buffer
                0x00800518       0x44 ../../ArduinoCore\libcore.a(HardwareSerial.cpp.o)
                0x00800518                rx_buffer
 .bss.tx_buffer
                0x0080055c       0x44 ../../ArduinoCore\libcore.a(HardwareSerial.cpp.o)
                0x0080055c                tx_buffer
 .bss.Serial    0x008005a0       0x1f ../../ArduinoCore\libcore.a(HardwareSerial.cpp.o)
                0x008005a0                Serial
 *(COMMON)
 COMMON         0x008005bf        0x4 c:/program files (x86)/atmel/atmel studio 6.0/extensions/atmel/avrgcc/3.4.0.65/avrtoolchain/bin/../lib/gcc/avr/4.6.2/../../../../avr/lib/avr5\libc.a(malloc.o)
                0x008005bf                __brkval
                0x008005c1                __flp
                0x008005c3                PROVIDE (__bss_end, .)
                0x00002750                __data_load_start = LOADADDR (.data)
                0x00002a42                __data_load_end = (__data_load_start + SIZEOF (.data))

.noinit         0x008005c3        0x0
                0x008005c3                PROVIDE (__noinit_start, .)
 *(.noinit*)
                0x008005c3                PROVIDE (__noinit_end, .)
                0x008005c3                _end = .
                0x008005c3                PROVIDE (__heap_start, .)

.eeprom         0x00810000        0x0
 *(.eeprom*)
                0x00810000                __eeprom_end = .

.fuse
 *(.fuse)
 *(.lfuse)
 *(.hfuse)
 *(.efuse)

.lock
 *(.lock*)

.signature
 *(.signature*)

.stab           0x00000000      0xb40
 *(.stab)
 .stab          0x00000000      0x6cc c:/program files (x86)/atmel/atmel studio 6.0/extensions/atmel/avrgcc/3.4.0.65/avrtoolchain/bin/../lib/gcc/avr/4.6.2/../../../../avr/lib/avr5/crtm328p.o
 .stab          0x000006cc       0x9c c:/program files (x86)/atmel/atmel studio 6.0/extensions/atmel/avrgcc/3.4.0.65/avrtoolchain/bin/../lib/gcc/avr/4.6.2/../../../../avr/lib/avr5\libc.a(strcat.o)
                                 0xa8 (size before relaxing)
 .stab          0x00000768      0x150 c:/program files (x86)/atmel/atmel studio 6.0/extensions/atmel/avrgcc/3.4.0.65/avrtoolchain/bin/../lib/gcc/avr/4.6.2/../../../../avr/lib/avr5\libc.a(strstr.o)
                                0x15c (size before relaxing)
 .stab          0x000008b8      0x1b0 c:/program files (x86)/atmel/atmel studio 6.0/extensions/atmel/avrgcc/3.4.0.65/avrtoolchain/bin/../lib/gcc/avr/4.6.2/../../../../avr/lib/avr5\libc.a(itoa.o)
                                0x1bc (size before relaxing)
 .stab          0x00000a68       0xd8 c:/program files (x86)/atmel/atmel studio 6.0/extensions/atmel/avrgcc/3.4.0.65/avrtoolchain/bin/../lib/gcc/avr/4.6.2/../../../../avr/lib/avr5\libc.a(strrev.o)
                                 0xe4 (size before relaxing)

.stabstr        0x00000000      0xec4
 *(.stabstr)
 .stabstr       0x00000000      0xec4 c:/program files (x86)/atmel/atmel studio 6.0/extensions/atmel/avrgcc/3.4.0.65/avrtoolchain/bin/../lib/gcc/avr/4.6.2/../../../../avr/lib/avr5/crtm328p.o

.stab.excl
 *(.stab.excl)

.stab.exclstr
 *(.stab.exclstr)

.stab.index
 *(.stab.index)

.stab.indexstr
 *(.stab.indexstr)

.comment
 *(.comment)

.debug
 *(.debug)

.line
 *(.line)

.debug_srcinfo
 *(.debug_srcinfo)

.debug_sfnames
 *(.debug_sfnames)

.debug_aranges  0x00000000      0x6d8
 *(.debug_aranges)
 .debug_aranges
                0x00000000       0x38 Libs/DistanceDriver.o
 .debug_aranges
                0x00000038       0xb8 Libs/SoftwareSerial.o
 .debug_aranges
                0x000000f0       0xe8 Libs/URMSerial.o
 .debug_aranges
                0x000001d8       0xa8 Libs/WiFlyRNXV.o
 .debug_aranges
                0x00000280       0x58 RoomTraq.o
 .debug_aranges
                0x000002d8       0x38 ../../ArduinoCore\libcore.a(WInterrupts.c.o)
 .debug_aranges
                0x00000310       0x48 ../../ArduinoCore\libcore.a(wiring.c.o)
 .debug_aranges
                0x00000358       0x30 ../../ArduinoCore\libcore.a(wiring_digital.c.o)
 .debug_aranges
                0x00000388       0x90 ../../ArduinoCore\libcore.a(HardwareSerial.cpp.o)
 .debug_aranges
                0x00000418       0x20 ../../ArduinoCore\libcore.a(main.cpp.o)
 .debug_aranges
                0x00000438       0x48 ../../ArduinoCore\libcore.a(new.cpp.o)
 .debug_aranges
                0x00000480       0xf0 ../../ArduinoCore\libcore.a(Print.cpp.o)
 .debug_aranges
                0x00000570       0x20 c:/program files (x86)/atmel/atmel studio 6.0/extensions/atmel/avrgcc/3.4.0.65/avrtoolchain/bin/../lib/gcc/avr/4.6.2/avr5\libgcc.a(_mulsi3.o)
 .debug_aranges
                0x00000590       0x20 c:/program files (x86)/atmel/atmel studio 6.0/extensions/atmel/avrgcc/3.4.0.65/avrtoolchain/bin/../lib/gcc/avr/4.6.2/avr5\libgcc.a(_divmodhi4.o)
 .debug_aranges
                0x000005b0       0x20 c:/program files (x86)/atmel/atmel studio 6.0/extensions/atmel/avrgcc/3.4.0.65/avrtoolchain/bin/../lib/gcc/avr/4.6.2/avr5\libgcc.a(_udivmodsi4.o)
 .debug_aranges
                0x000005d0       0x20 c:/program files (x86)/atmel/atmel studio 6.0/extensions/atmel/avrgcc/3.4.0.65/avrtoolchain/bin/../lib/gcc/avr/4.6.2/avr5\libgcc.a(_exit.o)
 .debug_aranges
                0x000005f0       0x20 c:/program files (x86)/atmel/atmel studio 6.0/extensions/atmel/avrgcc/3.4.0.65/avrtoolchain/bin/../lib/gcc/avr/4.6.2/avr5\libgcc.a(_copy_data.o)
 .debug_aranges
                0x00000610       0x20 c:/program files (x86)/atmel/atmel studio 6.0/extensions/atmel/avrgcc/3.4.0.65/avrtoolchain/bin/../lib/gcc/avr/4.6.2/avr5\libgcc.a(_clear_bss.o)
 .debug_aranges
                0x00000630       0x20 c:/program files (x86)/atmel/atmel studio 6.0/extensions/atmel/avrgcc/3.4.0.65/avrtoolchain/bin/../lib/gcc/avr/4.6.2/avr5\libgcc.a(_ctors.o)
 .debug_aranges
                0x00000650       0x20 c:/program files (x86)/atmel/atmel studio 6.0/extensions/atmel/avrgcc/3.4.0.65/avrtoolchain/bin/../lib/gcc/avr/4.6.2/avr5\libgcc.a(_dtors.o)
 .debug_aranges
                0x00000670       0x20 c:/program files (x86)/atmel/atmel studio 6.0/extensions/atmel/avrgcc/3.4.0.65/avrtoolchain/bin/../lib/gcc/avr/4.6.2/avr5\libgcc.a(_udivmodhi4.o)
 .debug_aranges
                0x00000690       0x20 c:/program files (x86)/atmel/atmel studio 6.0/extensions/atmel/avrgcc/3.4.0.65/avrtoolchain/bin/../lib/gcc/avr/4.6.2/avr5\libgcc.a(_tablejump.o)
 .debug_aranges
                0x000006b0       0x28 c:/program files (x86)/atmel/atmel studio 6.0/extensions/atmel/avrgcc/3.4.0.65/avrtoolchain/bin/../lib/gcc/avr/4.6.2/../../../../avr/lib/avr5\libc.a(malloc.o)

.debug_pubnames
                0x00000000      0x608
 *(.debug_pubnames)
 .debug_pubnames
                0x00000000       0x58 ../../ArduinoCore\libcore.a(WInterrupts.c.o)
 .debug_pubnames
                0x00000058       0x8d ../../ArduinoCore\libcore.a(wiring.c.o)
 .debug_pubnames
                0x000000e5       0xda ../../ArduinoCore\libcore.a(wiring_digital.c.o)
 .debug_pubnames
                0x000001bf      0x19a ../../ArduinoCore\libcore.a(HardwareSerial.cpp.o)
 .debug_pubnames
                0x00000359       0x1b ../../ArduinoCore\libcore.a(main.cpp.o)
 .debug_pubnames
                0x00000374       0x94 ../../ArduinoCore\libcore.a(new.cpp.o)
 .debug_pubnames
                0x00000408      0x200 ../../ArduinoCore\libcore.a(Print.cpp.o)

.debug_info     0x00000000     0x9490
 *(.debug_info)
 .debug_info    0x00000000      0x8ba Libs/DistanceDriver.o
 .debug_info    0x000008ba     0x1e9a Libs/SoftwareSerial.o
 .debug_info    0x00002754      0xcac Libs/URMSerial.o
 .debug_info    0x00003400      0xa44 Libs/WiFlyRNXV.o
 .debug_info    0x00003e44      0xbf6 RoomTraq.o
 .debug_info    0x00004a3a      0x1fe ../../ArduinoCore\libcore.a(WInterrupts.c.o)
 .debug_info    0x00004c38      0x31c ../../ArduinoCore\libcore.a(wiring.c.o)
 .debug_info    0x00004f54      0x592 ../../ArduinoCore\libcore.a(wiring_digital.c.o)
 .debug_info    0x000054e6     0x1775 ../../ArduinoCore\libcore.a(HardwareSerial.cpp.o)
 .debug_info    0x00006c5b      0x14b ../../ArduinoCore\libcore.a(main.cpp.o)
 .debug_info    0x00006da6      0x13b ../../ArduinoCore\libcore.a(new.cpp.o)
 .debug_info    0x00006ee1     0x1a77 ../../ArduinoCore\libcore.a(Print.cpp.o)
 .debug_info    0x00008958       0xdd c:/program files (x86)/atmel/atmel studio 6.0/extensions/atmel/avrgcc/3.4.0.65/avrtoolchain/bin/../lib/gcc/avr/4.6.2/avr5\libgcc.a(_mulsi3.o)
 .debug_info    0x00008a35       0xdd c:/program files (x86)/atmel/atmel studio 6.0/extensions/atmel/avrgcc/3.4.0.65/avrtoolchain/bin/../lib/gcc/avr/4.6.2/avr5\libgcc.a(_divmodhi4.o)
 .debug_info    0x00008b12       0xdd c:/program files (x86)/atmel/atmel studio 6.0/extensions/atmel/avrgcc/3.4.0.65/avrtoolchain/bin/../lib/gcc/avr/4.6.2/avr5\libgcc.a(_udivmodsi4.o)
 .debug_info    0x00008bef       0xdd c:/program files (x86)/atmel/atmel studio 6.0/extensions/atmel/avrgcc/3.4.0.65/avrtoolchain/bin/../lib/gcc/avr/4.6.2/avr5\libgcc.a(_exit.o)
 .debug_info    0x00008ccc       0xdd c:/program files (x86)/atmel/atmel studio 6.0/extensions/atmel/avrgcc/3.4.0.65/avrtoolchain/bin/../lib/gcc/avr/4.6.2/avr5\libgcc.a(_copy_data.o)
 .debug_info    0x00008da9       0xdd c:/program files (x86)/atmel/atmel studio 6.0/extensions/atmel/avrgcc/3.4.0.65/avrtoolchain/bin/../lib/gcc/avr/4.6.2/avr5\libgcc.a(_clear_bss.o)
 .debug_info    0x00008e86       0xdd c:/program files (x86)/atmel/atmel studio 6.0/extensions/atmel/avrgcc/3.4.0.65/avrtoolchain/bin/../lib/gcc/avr/4.6.2/avr5\libgcc.a(_ctors.o)
 .debug_info    0x00008f63       0xdd c:/program files (x86)/atmel/atmel studio 6.0/extensions/atmel/avrgcc/3.4.0.65/avrtoolchain/bin/../lib/gcc/avr/4.6.2/avr5\libgcc.a(_dtors.o)
 .debug_info    0x00009040       0xdd c:/program files (x86)/atmel/atmel studio 6.0/extensions/atmel/avrgcc/3.4.0.65/avrtoolchain/bin/../lib/gcc/avr/4.6.2/avr5\libgcc.a(_udivmodhi4.o)
 .debug_info    0x0000911d       0xdd c:/program files (x86)/atmel/atmel studio 6.0/extensions/atmel/avrgcc/3.4.0.65/avrtoolchain/bin/../lib/gcc/avr/4.6.2/avr5\libgcc.a(_tablejump.o)
 .debug_info    0x000091fa      0x296 c:/program files (x86)/atmel/atmel studio 6.0/extensions/atmel/avrgcc/3.4.0.65/avrtoolchain/bin/../lib/gcc/avr/4.6.2/../../../../avr/lib/avr5\libc.a(malloc.o)
 *(.gnu.linkonce.wi.*)

.debug_abbrev   0x00000000     0x1e9f
 *(.debug_abbrev)
 .debug_abbrev  0x00000000      0x26b Libs/DistanceDriver.o
 .debug_abbrev  0x0000026b      0x52d Libs/SoftwareSerial.o
 .debug_abbrev  0x00000798      0x2c8 Libs/URMSerial.o
 .debug_abbrev  0x00000a60      0x2eb Libs/WiFlyRNXV.o
 .debug_abbrev  0x00000d4b      0x2f7 RoomTraq.o
 .debug_abbrev  0x00001042       0xe7 ../../ArduinoCore\libcore.a(WInterrupts.c.o)
 .debug_abbrev  0x00001129      0x17d ../../ArduinoCore\libcore.a(wiring.c.o)
 .debug_abbrev  0x000012a6      0x177 ../../ArduinoCore\libcore.a(wiring_digital.c.o)
 .debug_abbrev  0x0000141d      0x438 ../../ArduinoCore\libcore.a(HardwareSerial.cpp.o)
 .debug_abbrev  0x00001855       0x7a ../../ArduinoCore\libcore.a(main.cpp.o)
 .debug_abbrev  0x000018cf       0xdd ../../ArduinoCore\libcore.a(new.cpp.o)
 .debug_abbrev  0x000019ac      0x336 ../../ArduinoCore\libcore.a(Print.cpp.o)
 .debug_abbrev  0x00001ce2       0x14 c:/program files (x86)/atmel/atmel studio 6.0/extensions/atmel/avrgcc/3.4.0.65/avrtoolchain/bin/../lib/gcc/avr/4.6.2/avr5\libgcc.a(_mulsi3.o)
 .debug_abbrev  0x00001cf6       0x14 c:/program files (x86)/atmel/atmel studio 6.0/extensions/atmel/avrgcc/3.4.0.65/avrtoolchain/bin/../lib/gcc/avr/4.6.2/avr5\libgcc.a(_divmodhi4.o)
 .debug_abbrev  0x00001d0a       0x14 c:/program files (x86)/atmel/atmel studio 6.0/extensions/atmel/avrgcc/3.4.0.65/avrtoolchain/bin/../lib/gcc/avr/4.6.2/avr5\libgcc.a(_udivmodsi4.o)
 .debug_abbrev  0x00001d1e       0x14 c:/program files (x86)/atmel/atmel studio 6.0/extensions/atmel/avrgcc/3.4.0.65/avrtoolchain/bin/../lib/gcc/avr/4.6.2/avr5\libgcc.a(_exit.o)
 .debug_abbrev  0x00001d32       0x14 c:/program files (x86)/atmel/atmel studio 6.0/extensions/atmel/avrgcc/3.4.0.65/avrtoolchain/bin/../lib/gcc/avr/4.6.2/avr5\libgcc.a(_copy_data.o)
 .debug_abbrev  0x00001d46       0x14 c:/program files (x86)/atmel/atmel studio 6.0/extensions/atmel/avrgcc/3.4.0.65/avrtoolchain/bin/../lib/gcc/avr/4.6.2/avr5\libgcc.a(_clear_bss.o)
 .debug_abbrev  0x00001d5a       0x14 c:/program files (x86)/atmel/atmel studio 6.0/extensions/atmel/avrgcc/3.4.0.65/avrtoolchain/bin/../lib/gcc/avr/4.6.2/avr5\libgcc.a(_ctors.o)
 .debug_abbrev  0x00001d6e       0x14 c:/program files (x86)/atmel/atmel studio 6.0/extensions/atmel/avrgcc/3.4.0.65/avrtoolchain/bin/../lib/gcc/avr/4.6.2/avr5\libgcc.a(_dtors.o)
 .debug_abbrev  0x00001d82       0x14 c:/program files (x86)/atmel/atmel studio 6.0/extensions/atmel/avrgcc/3.4.0.65/avrtoolchain/bin/../lib/gcc/avr/4.6.2/avr5\libgcc.a(_udivmodhi4.o)
 .debug_abbrev  0x00001d96       0x14 c:/program files (x86)/atmel/atmel studio 6.0/extensions/atmel/avrgcc/3.4.0.65/avrtoolchain/bin/../lib/gcc/avr/4.6.2/avr5\libgcc.a(_tablejump.o)
 .debug_abbrev  0x00001daa       0xf5 c:/program files (x86)/atmel/atmel studio 6.0/extensions/atmel/avrgcc/3.4.0.65/avrtoolchain/bin/../lib/gcc/avr/4.6.2/../../../../avr/lib/avr5\libc.a(malloc.o)

.debug_line     0x00000000     0x3264
 *(.debug_line)
 .debug_line    0x00000000      0x266 Libs/DistanceDriver.o
 .debug_line    0x00000266      0x49d Libs/SoftwareSerial.o
 .debug_line    0x00000703      0x40c Libs/URMSerial.o
 .debug_line    0x00000b0f      0x3e7 Libs/WiFlyRNXV.o
 .debug_line    0x00000ef6      0x2ae RoomTraq.o
 .debug_line    0x000011a4      0x236 ../../ArduinoCore\libcore.a(WInterrupts.c.o)
 .debug_line    0x000013da      0x38d ../../ArduinoCore\libcore.a(wiring.c.o)
 .debug_line    0x00001767      0x301 ../../ArduinoCore\libcore.a(wiring_digital.c.o)
 .debug_line    0x00001a68      0x664 ../../ArduinoCore\libcore.a(HardwareSerial.cpp.o)
 .debug_line    0x000020cc      0x147 ../../ArduinoCore\libcore.a(main.cpp.o)
 .debug_line    0x00002213      0x1b2 ../../ArduinoCore\libcore.a(new.cpp.o)
 .debug_line    0x000023c5      0x6f9 ../../ArduinoCore\libcore.a(Print.cpp.o)
 .debug_line    0x00002abe       0xa5 c:/program files (x86)/atmel/atmel studio 6.0/extensions/atmel/avrgcc/3.4.0.65/avrtoolchain/bin/../lib/gcc/avr/4.6.2/avr5\libgcc.a(_mulsi3.o)
 .debug_line    0x00002b63       0x99 c:/program files (x86)/atmel/atmel studio 6.0/extensions/atmel/avrgcc/3.4.0.65/avrtoolchain/bin/../lib/gcc/avr/4.6.2/avr5\libgcc.a(_divmodhi4.o)
 .debug_line    0x00002bfc       0xa8 c:/program files (x86)/atmel/atmel studio 6.0/extensions/atmel/avrgcc/3.4.0.65/avrtoolchain/bin/../lib/gcc/avr/4.6.2/avr5\libgcc.a(_udivmodsi4.o)
 .debug_line    0x00002ca4       0x88 c:/program files (x86)/atmel/atmel studio 6.0/extensions/atmel/avrgcc/3.4.0.65/avrtoolchain/bin/../lib/gcc/avr/4.6.2/avr5\libgcc.a(_exit.o)
 .debug_line    0x00002d2c       0x91 c:/program files (x86)/atmel/atmel studio 6.0/extensions/atmel/avrgcc/3.4.0.65/avrtoolchain/bin/../lib/gcc/avr/4.6.2/avr5\libgcc.a(_copy_data.o)
 .debug_line    0x00002dbd       0x8e c:/program files (x86)/atmel/atmel studio 6.0/extensions/atmel/avrgcc/3.4.0.65/avrtoolchain/bin/../lib/gcc/avr/4.6.2/avr5\libgcc.a(_clear_bss.o)
 .debug_line    0x00002e4b       0x90 c:/program files (x86)/atmel/atmel studio 6.0/extensions/atmel/avrgcc/3.4.0.65/avrtoolchain/bin/../lib/gcc/avr/4.6.2/avr5\libgcc.a(_ctors.o)
 .debug_line    0x00002edb       0x90 c:/program files (x86)/atmel/atmel studio 6.0/extensions/atmel/avrgcc/3.4.0.65/avrtoolchain/bin/../lib/gcc/avr/4.6.2/avr5\libgcc.a(_dtors.o)
 .debug_line    0x00002f6b       0x9a c:/program files (x86)/atmel/atmel studio 6.0/extensions/atmel/avrgcc/3.4.0.65/avrtoolchain/bin/../lib/gcc/avr/4.6.2/avr5\libgcc.a(_udivmodhi4.o)
 .debug_line    0x00003005       0x8c c:/program files (x86)/atmel/atmel studio 6.0/extensions/atmel/avrgcc/3.4.0.65/avrtoolchain/bin/../lib/gcc/avr/4.6.2/avr5\libgcc.a(_tablejump.o)
 .debug_line    0x00003091      0x1d3 c:/program files (x86)/atmel/atmel studio 6.0/extensions/atmel/avrgcc/3.4.0.65/avrtoolchain/bin/../lib/gcc/avr/4.6.2/../../../../avr/lib/avr5\libc.a(malloc.o)

.debug_frame    0x00000000      0xf58
 *(.debug_frame)
 .debug_frame   0x00000000       0xbc Libs/DistanceDriver.o
 .debug_frame   0x000000bc      0x2c0 Libs/SoftwareSerial.o
 .debug_frame   0x0000037c      0x37c Libs/URMSerial.o
 .debug_frame   0x000006f8      0x2e4 Libs/WiFlyRNXV.o
 .debug_frame   0x000009dc       0xd8 RoomTraq.o
 .debug_frame   0x00000ab4       0x50 ../../ArduinoCore\libcore.a(WInterrupts.c.o)
 .debug_frame   0x00000b04       0x70 ../../ArduinoCore\libcore.a(wiring.c.o)
 .debug_frame   0x00000b74       0x40 ../../ArduinoCore\libcore.a(wiring_digital.c.o)
 .debug_frame   0x00000bb4      0x100 ../../ArduinoCore\libcore.a(HardwareSerial.cpp.o)
 .debug_frame   0x00000cb4       0x20 ../../ArduinoCore\libcore.a(main.cpp.o)
 .debug_frame   0x00000cd4       0x70 ../../ArduinoCore\libcore.a(new.cpp.o)
 .debug_frame   0x00000d44      0x1c0 ../../ArduinoCore\libcore.a(Print.cpp.o)
 .debug_frame   0x00000f04       0x54 c:/program files (x86)/atmel/atmel studio 6.0/extensions/atmel/avrgcc/3.4.0.65/avrtoolchain/bin/../lib/gcc/avr/4.6.2/../../../../avr/lib/avr5\libc.a(malloc.o)

.debug_str      0x00000000     0x25aa
 *(.debug_str)
 .debug_str     0x00000000      0x70d Libs/DistanceDriver.o
                                0x774 (size before relaxing)
 .debug_str     0x0000070d      0xf27 Libs/SoftwareSerial.o
                               0x10d5 (size before relaxing)
 .debug_str     0x00001634       0x5b Libs/URMSerial.o
                                0x633 (size before relaxing)
 .debug_str     0x0000168f      0x3fa Libs/WiFlyRNXV.o
                                0x526 (size before relaxing)
 .debug_str     0x00001a89      0x1a2 RoomTraq.o
                                0xb6e (size before relaxing)
 .debug_str     0x00001c2b       0xaa ../../ArduinoCore\libcore.a(WInterrupts.c.o)
                                0x139 (size before relaxing)
 .debug_str     0x00001cd5       0x8f ../../ArduinoCore\libcore.a(wiring.c.o)
                                0x14e (size before relaxing)
 .debug_str     0x00001d64       0x9d ../../ArduinoCore\libcore.a(wiring_digital.c.o)
                                0x1b9 (size before relaxing)
 .debug_str     0x00001e01      0x23c ../../ArduinoCore\libcore.a(HardwareSerial.cpp.o)
                                0xd63 (size before relaxing)
 .debug_str     0x0000203d       0x3e ../../ArduinoCore\libcore.a(main.cpp.o)
                                 0xe1 (size before relaxing)
 .debug_str     0x0000207b       0xb7 ../../ArduinoCore\libcore.a(new.cpp.o)
                                 0xf5 (size before relaxing)
 .debug_str     0x00002132      0x38a ../../ArduinoCore\libcore.a(Print.cpp.o)
                                0xbeb (size before relaxing)
 .debug_str     0x000024bc       0xee c:/program files (x86)/atmel/atmel studio 6.0/extensions/atmel/avrgcc/3.4.0.65/avrtoolchain/bin/../lib/gcc/avr/4.6.2/../../../../avr/lib/avr5\libc.a(malloc.o)
                                0x16a (size before relaxing)

.debug_loc      0x00000000     0x428a
 *(.debug_loc)
 .debug_loc     0x00000000      0x208 Libs/DistanceDriver.o
 .debug_loc     0x00000208      0xb4b Libs/SoftwareSerial.o
 .debug_loc     0x00000d53      0xcf6 Libs/URMSerial.o
 .debug_loc     0x00001a49      0xda8 Libs/WiFlyRNXV.o
 .debug_loc     0x000027f1      0x200 RoomTraq.o
 .debug_loc     0x000029f1       0x29 ../../ArduinoCore\libcore.a(WInterrupts.c.o)
 .debug_loc     0x00002a1a      0x16d ../../ArduinoCore\libcore.a(wiring.c.o)
 .debug_loc     0x00002b87      0x15e ../../ArduinoCore\libcore.a(wiring_digital.c.o)
 .debug_loc     0x00002ce5      0x37c ../../ArduinoCore\libcore.a(HardwareSerial.cpp.o)
 .debug_loc     0x00003061       0x80 ../../ArduinoCore\libcore.a(new.cpp.o)
 .debug_loc     0x000030e1      0xd88 ../../ArduinoCore\libcore.a(Print.cpp.o)
 .debug_loc     0x00003e69      0x421 c:/program files (x86)/atmel/atmel studio 6.0/extensions/atmel/avrgcc/3.4.0.65/avrtoolchain/bin/../lib/gcc/avr/4.6.2/../../../../avr/lib/avr5\libc.a(malloc.o)

.debug_macinfo
 *(.debug_macinfo)
OUTPUT(RoomTraq.elf elf32-avr)
LOAD linker stubs

.debug_ranges   0x00000000      0x518
 .debug_ranges  0x00000000       0x28 Libs/DistanceDriver.o
 .debug_ranges  0x00000028       0xa8 Libs/SoftwareSerial.o
 .debug_ranges  0x000000d0       0xd8 Libs/URMSerial.o
 .debug_ranges  0x000001a8       0xb0 Libs/WiFlyRNXV.o
 .debug_ranges  0x00000258       0x48 RoomTraq.o
 .debug_ranges  0x000002a0       0x30 ../../ArduinoCore\libcore.a(WInterrupts.c.o)
 .debug_ranges  0x000002d0       0x40 ../../ArduinoCore\libcore.a(wiring.c.o)
 .debug_ranges  0x00000310       0x28 ../../ArduinoCore\libcore.a(wiring_digital.c.o)
 .debug_ranges  0x00000338       0x88 ../../ArduinoCore\libcore.a(HardwareSerial.cpp.o)
 .debug_ranges  0x000003c0       0x18 ../../ArduinoCore\libcore.a(main.cpp.o)
 .debug_ranges  0x000003d8       0x40 ../../ArduinoCore\libcore.a(new.cpp.o)
 .debug_ranges  0x00000418       0xe8 ../../ArduinoCore\libcore.a(Print.cpp.o)
 .debug_ranges  0x00000500       0x18 c:/program files (x86)/atmel/atmel studio 6.0/extensions/atmel/avrgcc/3.4.0.65/avrtoolchain/bin/../lib/gcc/avr/4.6.2/../../../../avr/lib/avr5\libc.a(malloc.o)
